Глокая куздра штеко кудланула бокрёнка . 
	SVO
	{
		S = глокая куздра
		V = штеко кудлануть
		O = бокренок
	}
